2016年08月19日 22:25:35
